0 verbose cli C:\Program Files\nodejs\node.exe C:\Users\user\AppData\Roaming\npm\node_modules\npm\bin\npm-cli.js
1 info using npm@11.6.2
2 info using node@v22.19.0
3 silly config load:file:C:\Users\user\AppData\Roaming\npm\node_modules\npm\npmrc
4 silly config load:file:C:\Users\user\OneDrive\Desktop\Desktop\Trusolutions\trusolution-user\.npmrc
5 silly config load:file:C:\Users\user\.npmrc
6 silly config load:file:C:\Users\user\AppData\Roaming\npm\etc\npmrc
7 verbose title npm install firebase @react-native-async-storage/async-storage
8 verbose argv "install" "--cache" ".npm-cache" "--no-audit" "--no-fund" "firebase" "@react-native-async-storage/async-storage"
9 verbose logfile logs-max:10 dir:C:\Users\user\OneDrive\Desktop\Desktop\Trusolutions\trusolution-user\.npm-cache\_logs\2026-05-08T14_49_50_813Z-
10 verbose logfile C:\Users\user\OneDrive\Desktop\Desktop\Trusolutions\trusolution-user\.npm-cache\_logs\2026-05-08T14_49_50_813Z-debug-0.log
11 silly logfile done cleaning log files
12 silly packumentCache heap:4345298944 maxSize:1086324736 maxEntrySize:543162368
13 http fetch GET https://registry.npmjs.org/npm attempt 1 failed with EACCES
14 verbose shrinkwrap failed to load node_modules/.package-lock.json out of date, updated: node_modules
15 silly idealTree buildDeps
16 silly fetch manifest firebase@*
17 silly packumentCache full:https://registry.npmjs.org/firebase cache-miss
18 http fetch GET https://registry.npmjs.org/firebase attempt 1 failed with EACCES
19 http fetch GET https://registry.npmjs.org/npm attempt 2 failed with EACCES
20 http fetch GET https://registry.npmjs.org/firebase attempt 2 failed with EACCES
21 http fetch GET https://registry.npmjs.org/npm attempt 3 failed with EACCES
22 http fetch GET https://registry.npmjs.org/firebase attempt 3 failed with EACCES
23 silly fetch manifest @react-native-async-storage/async-storage@*
24 silly packumentCache full:https://registry.npmjs.org/@react-native-async-storage%2fasync-storage cache-miss
25 http fetch GET https://registry.npmjs.org/@react-native-async-storage%2fasync-storage attempt 1 failed with EACCES
26 http fetch GET https://registry.npmjs.org/@react-native-async-storage%2fasync-storage attempt 2 failed with EACCES
27 http fetch GET https://registry.npmjs.org/@react-native-async-storage%2fasync-storage attempt 3 failed with EACCES
28 silly placeDep ROOT @react-native-async-storage/async-storage@ OK for: trusolution@1.0.0 want: *
29 silly placeDep ROOT firebase@ OK for: trusolution@1.0.0 want: *
30 verbose type system
31 verbose stack FetchError: request to https://registry.npmjs.org/@react-native-async-storage%2fasync-storage failed, reason: 
31 verbose stack     at ClientRequest.<anonymous> (C:\Users\user\AppData\Roaming\npm\node_modules\npm\node_modules\minipass-fetch\lib\index.js:130:14)
31 verbose stack     at ClientRequest.emit (node:events:519:28)
31 verbose stack     at emitErrorEvent (node:_http_client:105:11)
31 verbose stack     at _destroy (node:_http_client:898:9)
31 verbose stack     at onSocketNT (node:_http_client:918:5)
31 verbose stack     at process.processTicksAndRejections (node:internal/process/task_queues:91:21)
32 error code EACCES
33 error errno EACCES
34 error FetchError: request to https://registry.npmjs.org/@react-native-async-storage%2fasync-storage failed, reason: 
34 error     at ClientRequest.<anonymous> (C:\Users\user\AppData\Roaming\npm\node_modules\npm\node_modules\minipass-fetch\lib\index.js:130:14)
34 error     at ClientRequest.emit (node:events:519:28)
34 error     at emitErrorEvent (node:_http_client:105:11)
34 error     at _destroy (node:_http_client:898:9)
34 error     at onSocketNT (node:_http_client:918:5)
34 error     at process.processTicksAndRejections (node:internal/process/task_queues:91:21) {
34 error   code: 'EACCES',
34 error   errno: 'EACCES',
34 error   type: 'system',
34 error   requiredBy: '.'
34 error }
35 error
35 error The operation was rejected by your operating system.
35 error It's possible that the file was already in use (by a text editor or antivirus),
35 error or that you lack permissions to access it.
35 error
35 error If you believe this might be a permissions issue, please double-check the
35 error permissions of the file and its containing directories, or try running
35 error the command again as root/Administrator.
36 silly unfinished npm timer reify 1778251792491
37 silly unfinished npm timer reify:loadTrees 1778251792495
38 verbose cwd C:\Users\user\OneDrive\Desktop\Desktop\Trusolutions\trusolution-user
39 verbose os Windows_NT 10.0.19045
40 verbose node v22.19.0
41 verbose npm  v11.6.2
42 verbose exit 1
43 verbose code 1
44 error A complete log of this run can be found in: C:\Users\user\OneDrive\Desktop\Desktop\Trusolutions\trusolution-user\.npm-cache\_logs\2026-05-08T14_49_50_813Z-debug-0.log
